✓ в окне ровно десять блоков
✓ Математика идёт первой карточкой блока
✓ главный экран — карточки блоков с картинками
✓ щелчок по блоку показывает его модели и возврат
✓ модель «Потребление в комплектах» вырезана
✓ модели КТВ переименованы
✓ свободного холста больше нет
✓ карточек «скоро» ровно 17
✓ в потребителе есть заглушка про риск
✓ карточки «скоро» отключены
✓ у каждой карточки есть data-scene
✓ карточка m-graph
✓ карточка m-tangent
✓ карточка m-optimum
✓ карточка m-transform
✓ карточка m-minmax
✓ карточка m-constraint
✓ карточка ppf
✓ карточка ppfsum
✓ карточка trade
✓ карточка tradeprice
✓ карточка sd
✓ карточка tax
✓ карточка tax-adv
✓ карточка ceil
✓ карточка elast
✓ карточка ext
✓ карточка costs
✓ карточка prod
✓ карточка plants
✓ карточка isoquant
✓ карточка mono
✓ карточка mono-nat
✓ карточка mono-d1
✓ карточка mono-d3
✓ карточка mono-kink
✓ карточка labor
✓ карточка labor-mono
✓ карточка labor-union
✓ карточка labor-bilat
✓ карточка smallopen
✓ карточка monoexport
✓ карточка consumer
✓ карточка cons-slutsky
✓ карточка adas
✓ карточка islm
✓ карточка phillips
✓ карточка money
✓ карточка loanable
✓ карточка fx
✓ карточка ineq
✓ карточка laffer
✓ труд после монополии остаётся рабочим
✓ сцена без запретов ничего не прячет
✓ заголовок сцены берётся из карточки
✓ baseScene сводит подрежим к базе

=== скелет блоков: 56 прошло, 0 провалено; ошибок страницы 0 ===
