✓ Рынок · равновесие D=100−Q, S=Q
✓ Рынок · налог t=20 (продавец=покупатель)
✓ Монополия D=100−Q, MC=20
✓ Монополия · дискриминация 1-й степени
✓ Монополия · дискриминация 3-й степени (D1=100−Q, D2=80−2Q, MC=20)
✓ Монополия · ломаный спрос (один кусок 100−Q, MC=20)
✓ Монополия · налог t=10 (D=100−Q, MC=20): MR=MC+t, Q↓ P↑
✓ Монополия · субсидия s=10: MR=MC−s, Q↑ P↓
✓ Монополия · потолок Pc=40: перенос логики идентичен прежней галочке
✓ Монополия · пол Pf=80 > Pm=60: цена = пол, выпуск = D(Pf)
✓ Монополия · пол Pf=40 < Pm=60: не связывает (без изменений)
✓ Эластичность · D=100−Q при Q=50 ⇒ |Ed|=1
✓ Экстерналии (Пигу) · D=100−Q, MPC=Q, ext=20
✓ Труд · монопсония D=100−L, S=L
✓ Труд · профсоюз-монополист
✓ Труд · МРОТ=50 в монопсонии ⇒ занятость растёт к 50
✓ Неравенство · доходы 10,20,30,40,100
✓ Неравенство · формула Лоренца p^2
✓ Неравенство · прогрессивный налог τ=0.5 на 8,12,16,24,40
✓ КПВ · сумма двух дуг √(100−x²)+√(64−x²) ≈ √(324−x²)
✓ КПВ · сумма с изломами (100−x²)+(50−x) ⇒ узлы (0.5;149.75),(50.5;99.75)
✓ Торговля Б · 100−X и 100−2X ⇒ мировая цена Pw=√2≈1.414 ∈(1,2)
✓ Ввод Q(P) · «100 − 2P» ≡ P(Q) «50 − 0.5Q»: одно и то же равновесие с S=Q
✓ Ввод Q(P) · нелинейная 400/(P+1) ⇒ численное обращение бисекцией
✓ Эластичность спроса · D=100−Q: |Ed| = 3 при Q=25 и 0.333 при Q=75
✓ Эластичность предложения · S=Q (прямая через 0) ⇒ |Es| = 1 в любой точке
✓ Внешний эффект ПОЛОЖИТЕЛЬНЫЙ · MPB=100−Q, ext=20, S=Q ⇒ Qрын=50, Qопт=60, DWL=100
✓ Адвалорный налог · D=100−Q, S=2Q, τ=50% ⇒ Q1=25, Pb=75, Ps=50, сбор=625
✓ Естественная монополия · D=100−Q, MC=20, FC=800: три ориентира регулирования
✓ Малая открытая экономика · D=100−Q, S=Q, Pw=30 ⇒ импорт 40 (Qd=70, Qs=30)
✓ Тариф t=10 · Qd′=60, Qs′=40, импорт 20, бюджет 200, DWL 50 + 50
✓ Квота 20 · та же цена 40 и та же геометрия, но 200 — рента, а не бюджет
✓ Монополист и мировой рынок · D=100−Q, MC=Q, Pw=50 ⇒ MR₁ = Pw = MC(Σ)
✓ Движок касания · Кобб-Дуглас f=√x·√y, Pa=1, Pb=2, I=100 ⇒ a*=50, b*=25, MRS=0.5
✓ Потребитель · четыре вида предпочтений через ОДИН численный оптимизатор
✓ Слуцкий · Кобб-Дуглас I=100, Py=1, Px 1→4 ⇒ замещение −18.75, доход −18.75
✓ Производство · Q=30L²−L³: перегиб TP при L=10, максимум AP при L=15 (AP=MP=225)
✓ Изокванты · Q=L^0.5·K^0.5, w=1, r=2, C=100 ⇒ L*=50, K*=25 (тот же движок, что у потребителя)
✓ Долгий период · TC=Q³−6Q²+15Q+18: при P=15 Q=4, ATC=11.5, прибыль +14; при P=8 — убыток
✓ Два завода · TC₁=Q₁², TC₂=2Q₂² ⇒ при Q=30 делится 20/10, MC=40, TC=600
✓ Двусторонняя монополия · D=100−L, S=L ⇒ диапазон зарплаты [33.33; 66.67], не точка
✓ Коэф. фондов · доходы 10,15,20,25,30,35,40,50,70,150 ⇒ 150/10 = 15 (а P90/P10 = 5.38)
✓ Вертикальная кривая · равновесие с ней берётся без бисекции
✓ AD–AS · LRAS Y*=100, SRAS 10+0.5Y: AD 120−0.6Y без разрыва, 100−0.6Y и 140−0.6Y — по 18.2
✓ Кривая Филлипса · πe=5, u*=5, β=0.5 ⇒ u=3→π=6, u=7→π=4, u=5→π=5
✓ Денежный рынок · Md = 200 − 4i, Ms = 120 ⇒ i = 20
✓ Заёмные средства · S=50+2r, D=150−3r ⇒ r=20/Q=90; ΔG=30 ⇒ r=26, вытеснение 18
✓ Валютный рынок · D=100−2e, S=20+3e ⇒ плавающий e=16, объём 68
✓ Кривая Лаффера · D=100−Q, S=Q ⇒ максимум при t=50, поступления 1250
✓ IS–LM · IS r=20−0.1Y, LM r=0.05Y−5 ⇒ Y≈166.67, r≈3.33
✓ Математика · касательная к x² в точке 3 ⇒ y = 6x − 9
✓ Математика · секущая стягивается к касательной при уменьшении Δx
✓ Математика · производная x³ в точке 2 ⇒ 12 (и 0 в нуле)
✓ Математика · x³−3x: max при −1, min при 1, перегиб в 0
✓ Математика · x²: ровно один минимум в нуле, перегибов нет
✓ Математика · деформации: f(x+a) при a>0 уводит график ВЛЕВО
✓ Математика · Z = min(x², 4−x): смена ветви при x ≈ 1.5616
✓ Математика · max x^0.5·y^0.5 при x+y=10 ⇒ (5; 5)
✓ Математика · то же при 2x + y = 12 ⇒ (3; 6)
✓ Площадь под кривой · D = 100 − Q на [0; 100] ⇒ 5000
✓ Площадь по точкам · треугольник (0;0) (10;0) (0;10) ⇒ 50
✓ Пересечение кривых · D = 100 − Q и S = Q ⇒ (50; 50)
✓ Формула в pgfplots · 100 − 2*Q ⇒ (100 - (2 * x))
✓ Кусочная функция · три куска с двумя границами ⇒ 90 / 60 / 20
✓ Ползунок параметра · k*Q при k = 3 ⇒ 30 в точке 10
✓ Ползунков нет там, где буква занята · сцена налога
✓ Наименьшая из трёх · min(x, 4 − x, 2) меняет ветвь при x = 2
✓ Оптимум при кривом ограничении · max x·y на x² + y² = 25 ⇒ 12.5
✓ Минимум при ограничении · min x² + y² на x + y = 10 ⇒ (5; 5)
✓ Параметр из bx^2 · это b, а не bx
✓ Параметр из x^2 + 5 + c · свободный член заводится
✓ MC не рассыпается на буквы · сцена свободного холста
✓ Пересечения с осями · D = 100 − Q даёт (100; 0) и (0; 100)
✓ Ограничение · колесо меняет масштаб сцены
✓ min из пяти функций · нижняя огибающая в точке 3 равна 1
✓ Производная · зум над верхней панелью не двигает нижнюю
✓ Производная · зум над нижней панелью не двигает верхнюю
✓ Производная · точка снизу перестраивает касательную сверху
✓ Производная · при малом Δx секущая почти совпала с касательной
✓ Прокатывание · на КПВ точка не уходит в отрицательную зону
✓ Параметр в спросе · «a - Q» заводит ползунок a
✓ Параметр в КПВ · «100 - a*X» строится и меняет наклон
✓ Ключевые точки · излом кусочной кривой найден в точке стыка
✓ Точки · точка появляется, как только заполнены оба поля
✓ Площадь · по пяти точкам берётся наибольшая, а не по углу
✓ Площадь · кнопка заперта до выбора, отрезок и таблица
✓ Разбор · вопрос в начале абзаца и кусочная КПВ
✓ Сцены · переход чистит, возврат возвращает своё
✓ Комплекты · луч до края и пересечение КПВ и КТВ
✓ Подписи · три размера меняют весь график, кроме отметок осей
✓ Масштаб · окно вмещает перехваты кривых (Н20, Н21)
✓ Комплекты · галочка, автопостроение, вращение и магнит излома (Н17–Н19)
✓ Торговля · прирост считается по кривой комплектов (Н16)
✓ Площади · области сцены считаются по нарисованному (Н59)
✓ Ключевые точки · начало координат, магнит и ограничение (Н40, Н41, Н66)
✓ Параметры · буква меняет значение функции (Н7)
✓ Масштаб · возврат показывает всё и не расползается
✓ Точки · прилипание к осям и сопротивление при отрыве
✓ Ключевые точки · закрепка кладёт точку в список
✓ Деформации · параметр a идёт из общего механизма
✓ Площадь · под 10 − x в первой четверти ровно 50
✓ КПВ · ввод «x = 50 − 0.5y» даёт ту же кривую, что «y = 100 − 2x»
✓ КПВ · альт. издержки в обе стороны и рост у вогнутой
✓ КПВ · комплект 3 к 1 на границе 100 − x даёт (75; 25) и 25 комплектов
✓ КПВ · сумма трёх линейных 100−x, 60−3x, 40−0.5x
✓ Торговля двух стран · предел обмена ломает КТВ в (40; 120)
✓ Торговля двух стран · партнёра хватило, излома нет
✓ Экспорт · размер картинки постоянный и не зависит от окна
✓ Печать · название модели и значения готовятся к листу
✓ Точки · пустой черновик, свой цвет, замена значения при правке
✓ Подписи · величины на холсте с индексами, а не слипшимся текстом
✓ Подписи · не налезают друг на друга
✓ Заголовок · переносится на две строки, не обрезается, шапка не прыгает
✓ Скорость · тяжёлые сцены укладываются в порог
✓ Панель · в построении графиков и деформациях есть что показать
✓ Монополия · раздел равновесия не обещает D = S
✓ Экспорт · подписи величин математикой и только видимые
✓ Экспорт · сдвинутая кривая уходит формулой
✓ Ключевые точки · в «Математике» пересечения находятся
✓ Ключевые точки · корни в отрицательной части плана
✓ Ключевые точки · совпадение кривых не выдаётся за пересечение
✓ Сетка · работает в «Математике» во всех трёх режимах
✓ Площадь · под 10 − x на 0…10 ровно 50
✓ Особые точки · корни, максимум и минимум x³ − 3x
✓ Торговля Б · цена вне промежутка не обрезается и торговли нет
✓ Б1 · Издержки фирмы: min AVC, min ATC, оптимум и прибыль
✓ Б2 · Производственная функция: перегиб, max AP = MP, max TP
✓ Б3 · Сложение заводов: 2Q²/3 до излома, дальше 10000 + 2(Q−100)²
✓ Б24 · Постоянные затраты идут из TC(0), отдельного поля нет
✓ Б25 · Ниже min AVC: выпуск 0, убыток равен FC
✓ Б26 · Нет внутреннего минимума — нет и числа
✓ Б27 · Постоянная MC: вместо пустоты объяснение
✓ Б25 · Цена закрытия как нижняя грань AVC без точки на кривой
✓ Б24 · Режим «задам кривые»: числа те же, несогласованности нет
✓ Б28 · Эластичность предложения: перехват вверх это эластично
✓ Б37 · Подпись оси в .tex совпадает со сценой
✓ Б6 · В .tex нет спрятанного, чужого и фона
✓ Б8 · Числа в .tex математикой и не на самой оси
✓ Б32 · Перетаскивание цены не пересобирает сцену
✓ Б15 · Запятая на экране, точка в числовом поле
✓ Б39 · Подпись и значение в табло не налезают друг на друга
✓ Б30 · Кусочная не выдаётся за прямую
✓ Б31 · Площадь считается кусками, а не модулем интеграла
✓ Б26 · Производство: нет экстремума — нет и числа
✓ Утечка · параметр не переезжает из модели в модель
✓ Числа на осях не двигаются разведением подписей
✓ Имя кривой не обрезается многоточием
✓ Строка ввода: проза текстом, настройки поля применились
✓ KaTeX: узкий пробел и кириллица приведены к правилам
✓ Б34 · Сдвиг кривых выключен точечно, а не везде
✓ Б4 · Кривые сцены уходят формулами, а не таблицами точек
✓ Разбор · неявное умножение и LaTeX доходят до Math.js
✓ КПВ · значение буквы не подбирает окно заново

=== calc2 регрессия: 153 прошло, 0 провалено (всего 153) ===
