| Сцена | режим | LaTeX-ввод | клавиатура | «?» | параметры | ползунки: с границами / всего | прокатывание | ключевые точки | сетка: подробно/просто/нет | KaTeX в аналитике | абзацы-инструкции | свернуть точки |
|---|---|---|---|---|---|---|---|---|---|---|---|---|
| m-graph · Построение графиков | graph | — | — | — | + | 0 / 0 | – | 0/0 | 70/14/0 + | 1 (текст 133) | 0 | + |
| m-transform · Деформации графика | math | 0/1 | + 1 | + 1 | + | 2 / 1 | + | 0/2 | 60/11/0 + | 3 (текст 113) | 0 | + |
| m-optimum · Максимумы и минимумы | math | + 1 | + 1 | + 1 | + | 0 / 0 | + | 0/3 | 60/12/0 + | 8 (текст 341) | 0 | + |
| m-tangent · Функция и её производная наглядно | math | + 1 | + 1 | + 1 | + | 0 / 0 | + | 0/1 | 114/22/0 + | 8 (текст 205) | 0 | + |
| m-minmax · Функции min и max | math | + 2 | + 2 | + 2 | + | 0 / 0 | + | 0/5 | 64/12/0 + | 3 (текст 135) | 0 | + |
| m-constraint · Оптимум при ограничении | math | 0/2 | + 2 | + 2 | + | 0 / 0 | + | 0/1 | 80/16/0 + | 7 (текст 103) | 0 | + |
| ppf · Построение КПВ | ppf | 0/1 | + 1 | + 1 | + | 0 / 0 | + | 0/2 | 60/12/0 + | 7 (текст 332) | 0 | + |
| ppfsum · Сложение КПВ | ppf | 0/2 | + 2 | + 2 | + | 0 / 0 | + | 0/3 | 55/10/0 + | 7 (текст 161) | 0 | + |
| trade · КТВ. Одна страна | ppf | 0/1 | + 1 | + 1 | + | 2 / 1 | + | 0/3 | 55/11/0 + | 10 (текст 365) | 0 | + |
| tradeprice · КТВ. Две страны-партнёра | ppf | 0/2 | + 2 | + 2 | + | 2 / 1 | + | 0/2 | 130/24/0 + | 9 (текст 1419) | 0 | + |
| sd · Спрос и предложение | market | + 1 | + 1 | + 1 | + | 4 / 2 | + | 0/3 | 75/15/0 + | 11 (текст 245) | 0 | + |
| tax · Потоварные налоги и субсидии | market | + 1 | + 1 | + 1 | + | 2 / 1 | + | 0/3 | 75/15/0 + | 14 (текст 636) | 0 | + |
| tax-adv · Процентные налоги и субсидии | market | + 1 | + 1 | + 1 | + | 2 / 1 | + | 0/3 | 75/15/0 + | 14 (текст 836) | 0 | + |
| ceil · Пол и потолок цены | market | + 1 | + 1 | + 1 | + | 6 / 3 | + | 0/3 | 75/15/0 + | 13 (текст 416) | 0 | + |
| elast · Эластичность | market | + 1 | + 1 | + 1 | + | 0 / 0 | + | 0/3 | 75/15/0 + | 23 (текст 958) | 0 | + |
| ext · Внешние эффекты | market | 1/2 | + 2 | + 2 | + | 4 / 2 | + | 0/3 | 75/15/0 + | 18 (текст 542) | 0 | + |
| prod · Производственная функция | costs | 0/1 | + 1 | + 1 | + | 0 / 0 | + | 0/1 | 120/24/0 + | 9 (текст 564) | 0 | + |
| costs · Издержки фирмы | costs | 0/1 | + 1 | + 1 | + | 2 / 1 | + | 0/3 | 75/15/0 + | 13 (текст 597) | 0 | + |
| plants · Сложение заводов | costs | 0/2 | + 2 | + 2 | + | 2 / 1 | + | 0/1 | 60/12/0 + | 12 (текст 1163) | 0 | + |
| isoquant · Изокванта и изокоста | costs | 0/1 | + 1 | + 1 | + | 0 / 0 | + | 0/0 | 60/12/0 + | 10 (текст 425) | 0 | + |
| mono · Стандартная монополия | market | + 1 | + 1 | + 1 | + | 6 / 3 | + | 0/3 | 75/15/0 + | 14 (текст 389) | 0 | + |
| mono-nat · Естественная монополия | market | + 1 | + 1 | + 1 | + | 4 / 2 | + | 0/3 | 75/15/0 + | 32 (текст 1013) | 0 | + |
| mono-d1 · Дискриминация 1-й степени | market | + 1 | + 1 | + 1 | + | 4 / 2 | + | 0/3 | 75/15/0 + | 10 (текст 468) | 0 | + |
| mono-d3 · Дискриминация 3-й степени | market | 0/3 | + 3 | + 3 | + | 0 / 0 | + | 0/3 | 135/27/0 + | 6 (текст 341) | 0 | + |
| mono-kink · Составной спрос | market | 0/4 | + 4 | + 4 | + | 0 / 0 | + | 0/3 | 75/15/0 + | 6 (текст 302) | 0 | + |
| labor · Конкурентный рынок труда | labor | + 1 | + 1 | + 1 | + | 6 / 3 | + | 0/4 | 60/12/0 + | 13 (текст 419) | 0 | + |
| labor-mono · Монопсония | labor | + 1 | + 1 | + 1 | + | 6 / 3 | + | 0/4 | 60/12/0 + | 18 (текст 625) | 0 | + |
| labor-union · Вмешательство профсоюза | labor | + 1 | + 1 | + 1 | + | 4 / 2 | + | 0/4 | 60/12/0 + | 11 (текст 414) | 0 | + |
| labor-bilat · Двусторонняя монополия | labor | + 1 | + 1 | + 1 | + | 6 / 3 | + | 0/4 | 60/12/0 + | 6 (текст 672) | 0 | + |
| smallopen · Малая открытая экономика | market | + 1 | + 1 | + 1 | + | 6 / 3 | + | 0/3 | 75/15/0 + | 17 (текст 482) | 0 | + |
| monoexport · Монополист и внешний рынок | market | + 3 | + 3 | + 3 | + | 0 / 0 | + | 0/3 | 120/24/0 + | 6 (текст 596) | 0 | + |
| consumer · Кривые безразличия | consumer | — | — | — | + | 0 / 0 | + | 0/1 | 60/12/0 + | 9 (текст 238) | 0 | + |
| cons-slutsky · Декомпозиция по Слуцкому | consumer | — | — | — | + | 2 / 1 | + | 0/8 | 67/13/0 + | 14 (текст 805) | 0 | + |
| adas · AD–AS | macro | 0/2 | + 2 | + 2 | + | 0 / 0 | + | 0/3 | 67/13/0 + | 5 (текст 228) | 0 | + |
| islm · IS–LM | macro | 0/2 | + 2 | + 2 | + | 0 / 0 | + | 0/3 | 55/11/0 + | 3 (текст 268) | 0 | + |
| phillips · Кривая Филлипса | macro | — | — | — | + | 0 / 0 | + | 0/1 | 55/11/0 + | 8 (текст 445) | 0 | + |
| money · Денежный рынок | macro | 0/1 | + 1 | + 1 | + | 0 / 0 | + | 0/2 | 50/10/0 + | 3 (текст 240) | 0 | + |
| loanable · Рынок заёмных средств | macro | 0/2 | + 2 | + 2 | + | 4 / 2 | + | 0/3 | 77/15/0 + | 2 (текст 133) | 0 | + |
| fx · Валютный рынок | macro | 0/2 | + 2 | + 2 | + | 0 / 0 | + | 0/3 | 70/14/0 + | 3 (текст 182) | 0 | + |
| ineq · Неравенство доходов | inequality | — | — | — | + | 0 / 1 | + | 0/1 | 75/15/0 + | 5 (текст 616) | 0 | + |
| laffer · Кривая Лаффера | macro | 0/2 | + 2 | + 2 | + | 0 / 0 | + | 0/2 | 68/13/0 + | 4 (текст 464) | 0 | + |

Сцен со сломанной сеткой: 0

## Сквозные правила по сценам

| Сцена | П45 нет «k» | П35/П48 полос прокрутки | П34 выборов цвета (голых) | П16 колесо/стрелки | П31 оси как цель | П53/П54 зум и панорама |
|---|---|---|---|---|---|---|
| m-graph · Построение графиков | + | + нет | undefined | + (0) | + | + |
| m-transform · Деформации графика | + | + нет | undefined | + (0) | + | + |
| m-optimum · Максимумы и минимумы | + | + нет | undefined | + (0) | + | + |
| m-tangent · Функция и её производная наглядно | + | + нет | undefined | + (0) | + | + |
| m-minmax · Функции min и max | + | + нет | undefined | + (0) | + | + |
| m-constraint · Оптимум при ограничении | + | + нет | undefined | + (0) | + | + |
| ppf · Построение КПВ | + | + нет | undefined | + (0) | + | + |
| ppfsum · Сложение КПВ | + | + нет | undefined | + (0) | + | + |
| trade · КТВ. Одна страна | + | + нет | undefined | + (0) | + | + |
| tradeprice · КТВ. Две страны-партнёра | + | + нет | undefined | + (0) | + | + |
| sd · Спрос и предложение | + | + нет | undefined | + (0) | + | + |
| tax · Потоварные налоги и субсидии | + | + нет | undefined | + (0) | + | + |
| tax-adv · Процентные налоги и субсидии | + | + нет | undefined | + (0) | + | + |
| ceil · Пол и потолок цены | + | + нет | undefined | + (0) | + | + |
| elast · Эластичность | + | + нет | undefined | + (0) | + | + |
| ext · Внешние эффекты | + | + нет | undefined | + (0) | + | + |
| prod · Производственная функция | + | + нет | undefined | + (0) | + | + |
| costs · Издержки фирмы | + | + нет | undefined | + (0) | + | + |
| plants · Сложение заводов | + | + нет | undefined | + (0) | + | + |
| isoquant · Изокванта и изокоста | + | + нет | undefined | + (0) | + | + |
| mono · Стандартная монополия | + | + нет | undefined | + (0) | + | + |
| mono-nat · Естественная монополия | + | + нет | undefined | + (0) | + | + |
| mono-d1 · Дискриминация 1-й степени | + | + нет | undefined | + (0) | + | + |
| mono-d3 · Дискриминация 3-й степени | + | + нет | undefined | + (0) | + | + |
| mono-kink · Составной спрос | + | + нет | undefined | + (0) | + | + |
| labor · Конкурентный рынок труда | + | + нет | undefined | + (0) | + | + |
| labor-mono · Монопсония | + | + нет | undefined | + (0) | + | + |
| labor-union · Вмешательство профсоюза | + | + нет | undefined | + (0) | + | + |
| labor-bilat · Двусторонняя монополия | + | + нет | undefined | + (0) | + | + |
| smallopen · Малая открытая экономика | + | + нет | undefined | + (0) | + | + |
| monoexport · Монополист и внешний рынок | + | + нет | undefined | + (0) | + | + |
| consumer · Кривые безразличия | + | + нет | undefined | + (0) | + | + |
| cons-slutsky · Декомпозиция по Слуцкому | + | + нет | undefined | + (0) | + | + |
| adas · AD–AS | + | + нет | undefined | + (0) | + | + |
| islm · IS–LM | + | + нет | undefined | + (0) | + | + |
| phillips · Кривая Филлипса | + | + нет | undefined | + (0) | + | + |
| money · Денежный рынок | + | + нет | undefined | + (0) | + | + |
| loanable · Рынок заёмных средств | + | + нет | undefined | + (0) | + | + |
| fx · Валютный рынок | + | + нет | undefined | + (0) | + | + |
| ineq · Неравенство доходов | + | + нет | undefined | + (0) | + | + |
| laffer · Кривая Лаффера | + | + нет | undefined | + (0) | + | + |

П45 «k» в числах: нарушений нет
Б15 точка вместо десятичной запятой: нарушений нет
П35/П48 видимая полоса прокрутки: нарушений нет
П34 голый выбор цвета: нарушений нет
П16 числовое поле листается: нарушений нет
П31 оси не цель прилипания: нарушений нет
П53/П54 зум или панорама недоступны: нарушений нет
Н24 подпись оси налезает: нарушений нет
  (подписей осей всего: 80, сцен без подписи: 3)
Н70 поле формулы без кнопки клавиатуры: нарушений нет
Н70 поле формулы без вопросика: нарушений нет
  (полей формул всего: 54)
Н75 прямоугольное поле ввода: нарушений нет
  (проверено полей: 397)
Н7 буква-параметр не влияет на формулу: нарушений нет
  (проверено полей: 43)

## Оборванные связи (Свх-4б)

Свх-4б обработчик на несуществующем элементе: нарушений нет

Долг-2 реестр ссылается на несуществующий элемент: нарушений нет
  (реестров проверено: 8, сверено id: 115)

Ошибок страницы: 0
