OK   [11ms] окно сценариев открыто
OK   [2ms] #sec-mode удалён
OK   [1ms] #sec-scenes удалён
OK   [1ms] #sec-view есть
OK   [1ms] равновесие 50/50 не сломано
OK   [269ms] заголовок графика рисуется
OK   [266ms] своё имя оси X попадает на график
OK   [3ms] плейсхолдер оси Y = сценовое название
OK   [219ms] своя точка ставится и подписывается
    .. before dblclick
    .. after dblclick
    .. count=1
    .. filled
    .. pressed
    .. saved=Точка A
OK   [632ms] двойной щелчок по имени точки открывает правку
OK   [4ms] своё имя точки вернулось в список слева
OK   [7ms] точка показывает координаты
OK   [2ms] координаты точки на графике
OK   [13ms] значений кривых у точки нет
OK   [2ms] пикеры цвета есть у каждой кривой
OK   [7ms] пикер меняет цвет только своей кривой
OK   [0ms] своё имя кривой идёт в чип пульта
OK   [368ms] смена сцены очищает оформление
OK   [1ms] монополия 40/60 не сломана
OK   [2ms] у семи кривых издержек есть пикеры
OK   [1ms] ключи цвета уникальны (MP ≠ MC и т.п.)
OK   [2ms] в меню цвета шесть образцов и «Свой цвет»
OK   [4ms] светлая и тёмная тема дают разные шесть цветов
OK   [2ms] клик по пикеру не сбрасывает галочку кривой
OK   [14ms] цвет MP не тянет за собой MC
OK   [15ms] свой цвет MC доходит до графика
OK   [1ms] свой цвет не трогает соседние кривые
OK   [1ms] токен --cost-mc в CSS не изменился
OK   [13ms] издержки: min AVC при Q=3 не сломан
OK   [2ms] подписи MC/ATC/AVC видны при обычном масштабе
OK   [216ms] подписи не исчезают, когда кривые ушли за верх окна
OK   [215ms] подписи держатся и при сильном сжатии по Q
OK   [1ms] подписи не вылезают за поле графика
OK   [410ms] D и S подписаны на рыночном графике
OK   [0ms] KaTeX загрузился на странице calc2
OK   [1ms] Math.js → LaTeX: степень
OK   [1ms] Math.js → LaTeX: корень
OK   [0ms] Math.js → LaTeX: дробь
OK   [1ms] недописанная формула не роняет предпросмотр
OK   [283ms] формула показана набранной прямо в строке
OK   [160ms] поле формулы можно править прямо в строке
OK   [203ms] пустое поле остаётся пустым
OK   [455ms] уход фокуса из формулы не двигает кнопку «Добавить»
OK   [458ms] кривая добавляется настоящим щелчком по кнопке
OK   [254ms] кнопка открывает клавиатуру из трёх разделов
OK   [6ms] клавиша ставит символ в поле, не стирая набранное
OK   [1ms] формула показана один раз, накладки поверх поля нет
OK   [1ms] в подвале клавиатуры только кусочная функция
OK   [207ms] своё имя кривой заменяет родовое D на графике
OK   [0ms] структура рынка и вмешательство вложены в «Что изучаем»
OK   [0ms] заголовок верхнего уровня в панели один
OK   [22ms] вмешательство работает: налог t=20 даёт Q1=40
OK   [30ms] монополия из вложенной секции по-прежнему включается
OK   [12ms] сценарий «Эластичность» прячет вмешательство, как раньше
OK   [1ms] возврат к «Равновесию» возвращает вмешательство
OK   [264ms] окно экспорта открывается по кнопке дока
OK   [2ms] заголовок подставился из названия сцены
OK   [8ms] .tex собирается и содержит кривые
OK   [7ms] кривая с формулой выгружается формулой, а не точками
OK   [6ms] .tex несёт заголовок, label и заливки
OK   [6ms] .tex под обычный pdflatex, кириллица через T2A
OK   [7ms] границы осей .tex совпадают с экранными
OK   [430ms] после зума .tex берёт НОВЫЕ границы, а не исходные
OK   [23ms] .tex экранирует опасные символы в подписях
OK   [8ms] label чистится от посторонних символов
OK   [555ms] пунктирная кривая S+t попала в .tex при налоге
OK   [31ms] свои точки попадают в .tex с подписью
OK   [91ms] в режиме издержек выгружаются кривые издержек
OK   [4631ms] .tex не пустой в любом режиме, не только рыночном
OK   [21ms] PNG собирается в canvas без ошибок
OK   [23ms] серверный эндпоинт PDF отвечает осмысленно
OK   [11ms] опасные команды в .tex отклоняются сервером
OK   [1ms] иконки карточек: три толщины линий, не одиннадцать
OK   [1ms] иконки: один радиус маркеров и один пунктир
OK   [1ms] панели не перекрывают график
OK   [1ms] регуляторы сцены живут в правой панели
OK   [1ms] в аналитике число крупнее и тяжелее подписи
OK   [504ms] панель параметров наполняется и в сцене «Труд»
OK   [0ms] в интерфейсе нет длинных тире (21 сцена)
OK   [0ms] нет ИИ-штампов в видимом тексте
OK   [1ms] машина сама подписала максимум, минимум и перегиб
OK   [248ms] двойной щелчок по подписи открывает переименование
OK   [455ms] Enter сохраняет своё имя точки
OK   [6ms] своё имя точки уходит в экспорт, подсказка нет
OK   [649ms] Esc отменяет переименование
OK   [542ms] смена сцены сбрасывает свои имена точек
OK   [1583ms] справка подстраивается под выбранную роль
OK   [565ms] для издержек форма «объём от цены» скрыта
OK   [530ms] кривая добавляется сразу со своей ролью
OK   [205ms] подсказка под полем называет именно эту роль
OK   [1ms] щелчок рядом с кривой садится на кривую
OK   [1ms] рядом с перекрестьем точка садится в пересечение
OK   [0ms] в пустом месте ничего не притягивается
OK   [13ms] точка на кривой скользит по ней при перетаскивании
OK   [12ms] подсказка показывает, куда сядет точка, и убирается
OK   [572ms] легенда называет области в сцене налога
OK   [534ms] субсидия подписана расходом, а не сбором
OK   [3595ms] легенда собирается и в других режимах
OK   [562ms] легенда попадает в экспорт вместе с графиком
OK   [17ms] легенда выключается галочкой
OK   [1ms] легенда стоит в свободном углу и никого не накрывает
OK   [1ms] в разделе функций есть всё нужное экономике
OK   [1ms] раздел букв даёт латиницу и греческие
OK   [943ms] печать слэша даёт дробь, крышки — степень
OK   [380ms] русская точка остаётся точкой, а не дробью
OK   [379ms] настоящий слэш по-прежнему даёт дробь
OK   [1149ms] конструктор кусочной собирает верную запись
OK   [16ms] кусочная кривая строится движком
OK   [266ms] колесо к себе приближает график
OK   [233ms] колесо от себя отдаляет
OK   [0ms] поля «Оси» идут за колесом
OK   [303ms] двойной щелчок возвращает масштаб сцены
OK   [996ms] в математике окно тянется к курсору
OK   [1241ms] авто-подгонка сцены не сбивает ручной зум
OK   [2ms] у каждой кривой есть поле формулы
OK   [596ms] правка формулы пересчитывает равновесие
OK   [0ms] правка сохраняет роль, цвет и id кривой
OK   [538ms] битая формула не сносит кривую
OK   [7ms] правка цвета не пересобирает список кривых
OK   [2ms] цвет из пикера доехал до кривой
OK   [1ms] сцена открывается пустой: ни одной кривой
OK   [4ms] в списке ровно одна пустая строка
OK   [313ms] начали печатать — строка стала кривой, снизу новая пустая
OK   [312ms] вторая функция добавляется так же
OK   [1ms] обе кривые нарисованы
OK   [0ms] видна отрицательная часть плоскости
OK   [1ms] у сцены есть «Аналитика» и она не пустая
OK   [1ms] свои точки и площади остались
OK   [333ms] буква из формулы даёт ползунок
OK   [270ms] удаление строки убирает кривую
OK   [779ms] в других сценах «Аналитика» вернулась
OK   [0ms] правая панель называется «Аналитика»
OK   [0ms] кнопки аналитики в полосе иконок нет
OK   [1ms] ползунки открыты и не сворачиваются
OK   [0ms] расчёты и разбор свёрнуты по умолчанию
OK   [506ms] блок «Ключевые значения» раскрывается щелчком
OK   [323ms] панели левая и правая одной ширины
OK   [827ms] разбор уезжает из расчётов в «Объяснение модели»
OK   [989ms] все карточки панели ввода закрыты
OK   [1ms] первая видимая карточка выделена одна
OK   [349ms] раскрытая карточка отличается фоном
OK   [204ms] карточки блоков без номеров, ни один блок не раскрыт
OK   [219ms] из сюжета возврат ведёт в его блок (Н5)
OK   [1076ms] открыт один блок за раз, есть возврат
OK   [0ms] свободного холста нет ни в окне, ни в маршрутах
OK   [3635ms] свёртывание панели не запускает вечную перерисовку
OK   [13ms] списка вершин с галочками больше нет
OK   [2ms] у числовых полей калькулятора нет крутилок
OK   [853ms] режим «Между точками» взводит набор вершин
OK   [812ms] щелчок по графику ставит вершину
OK   [48ms] вершина садится в особую точку и называет её
OK   [2ms] надписи «Пока нет своих точек» нет
OK   [853ms] на графике КТВ нет подписей вида «Xмакс=»
OK   [2ms] «производство» спрятано и всплывает по наведению
OK   [274ms] регулятор мировой цены собран в правой панели
OK   [313ms] ползунок и точное поле мировой цены синхронны
OK   [878ms] в подписях на графике нет звёздочки вместо индекса
OK   [2ms] подпись перегиба не лежит на оси
OK   [1ms] прямоугольник обрезки считается по шкалам сцены
OK   [832ms] в рыночной сцене подпись равновесия тоже с индексом

OK   окно сценариев открыто
OK   #sec-mode удалён
OK   #sec-scenes удалён
OK   #sec-view есть
OK   равновесие 50/50 не сломано
OK   заголовок графика рисуется
OK   своё имя оси X попадает на график
OK   плейсхолдер оси Y = сценовое название
OK   своя точка ставится и подписывается
OK   двойной щелчок по имени точки открывает правку
OK   своё имя точки вернулось в список слева
OK   точка показывает координаты
OK   координаты точки на графике
OK   значений кривых у точки нет
OK   пикеры цвета есть у каждой кривой
OK   пикер меняет цвет только своей кривой
OK   своё имя кривой идёт в чип пульта
OK   смена сцены очищает оформление
OK   монополия 40/60 не сломана
OK   у семи кривых издержек есть пикеры
OK   ключи цвета уникальны (MP ≠ MC и т.п.)
OK   в меню цвета шесть образцов и «Свой цвет»
OK   светлая и тёмная тема дают разные шесть цветов
OK   клик по пикеру не сбрасывает галочку кривой
OK   цвет MP не тянет за собой MC
OK   свой цвет MC доходит до графика
OK   свой цвет не трогает соседние кривые
OK   токен --cost-mc в CSS не изменился
OK   издержки: min AVC при Q=3 не сломан
OK   подписи MC/ATC/AVC видны при обычном масштабе
OK   подписи не исчезают, когда кривые ушли за верх окна
OK   подписи держатся и при сильном сжатии по Q
OK   подписи не вылезают за поле графика
OK   D и S подписаны на рыночном графике
OK   KaTeX загрузился на странице calc2
OK   Math.js → LaTeX: степень
OK   Math.js → LaTeX: корень
OK   Math.js → LaTeX: дробь
OK   недописанная формула не роняет предпросмотр
OK   формула показана набранной прямо в строке
OK   поле формулы можно править прямо в строке
OK   пустое поле остаётся пустым
OK   уход фокуса из формулы не двигает кнопку «Добавить»
OK   кривая добавляется настоящим щелчком по кнопке
OK   кнопка открывает клавиатуру из трёх разделов
OK   клавиша ставит символ в поле, не стирая набранное
OK   формула показана один раз, накладки поверх поля нет
OK   в подвале клавиатуры только кусочная функция
OK   своё имя кривой заменяет родовое D на графике
OK   структура рынка и вмешательство вложены в «Что изучаем»
OK   заголовок верхнего уровня в панели один
OK   вмешательство работает: налог t=20 даёт Q1=40
OK   монополия из вложенной секции по-прежнему включается
OK   сценарий «Эластичность» прячет вмешательство, как раньше
OK   возврат к «Равновесию» возвращает вмешательство
OK   окно экспорта открывается по кнопке дока
OK   заголовок подставился из названия сцены
OK   .tex собирается и содержит кривые
OK   кривая с формулой выгружается формулой, а не точками
OK   .tex несёт заголовок, label и заливки
OK   .tex под обычный pdflatex, кириллица через T2A
OK   границы осей .tex совпадают с экранными
OK   после зума .tex берёт НОВЫЕ границы, а не исходные
OK   .tex экранирует опасные символы в подписях
OK   label чистится от посторонних символов
OK   пунктирная кривая S+t попала в .tex при налоге
OK   свои точки попадают в .tex с подписью
OK   в режиме издержек выгружаются кривые издержек
OK   .tex не пустой в любом режиме, не только рыночном
OK   PNG собирается в canvas без ошибок
OK   серверный эндпоинт PDF отвечает осмысленно
OK   опасные команды в .tex отклоняются сервером
OK   иконки карточек: три толщины линий, не одиннадцать
OK   иконки: один радиус маркеров и один пунктир
OK   панели не перекрывают график
OK   регуляторы сцены живут в правой панели
OK   в аналитике число крупнее и тяжелее подписи
OK   панель параметров наполняется и в сцене «Труд»
OK   в интерфейсе нет длинных тире (21 сцена)
OK   нет ИИ-штампов в видимом тексте
OK   машина сама подписала максимум, минимум и перегиб
OK   двойной щелчок по подписи открывает переименование
OK   Enter сохраняет своё имя точки
OK   своё имя точки уходит в экспорт, подсказка нет
OK   Esc отменяет переименование
OK   смена сцены сбрасывает свои имена точек
OK   справка подстраивается под выбранную роль
OK   для издержек форма «объём от цены» скрыта
OK   кривая добавляется сразу со своей ролью
OK   подсказка под полем называет именно эту роль
OK   щелчок рядом с кривой садится на кривую
OK   рядом с перекрестьем точка садится в пересечение
OK   в пустом месте ничего не притягивается
OK   точка на кривой скользит по ней при перетаскивании
OK   подсказка показывает, куда сядет точка, и убирается
OK   легенда называет области в сцене налога
OK   субсидия подписана расходом, а не сбором
OK   легенда собирается и в других режимах
OK   легенда попадает в экспорт вместе с графиком
OK   легенда выключается галочкой
OK   легенда стоит в свободном углу и никого не накрывает
OK   в разделе функций есть всё нужное экономике
OK   раздел букв даёт латиницу и греческие
OK   печать слэша даёт дробь, крышки — степень
OK   русская точка остаётся точкой, а не дробью
OK   настоящий слэш по-прежнему даёт дробь
OK   конструктор кусочной собирает верную запись
OK   кусочная кривая строится движком
OK   колесо к себе приближает график
OK   колесо от себя отдаляет
OK   поля «Оси» идут за колесом
OK   двойной щелчок возвращает масштаб сцены
OK   в математике окно тянется к курсору
OK   авто-подгонка сцены не сбивает ручной зум
OK   у каждой кривой есть поле формулы
OK   правка формулы пересчитывает равновесие
OK   правка сохраняет роль, цвет и id кривой
OK   битая формула не сносит кривую
OK   правка цвета не пересобирает список кривых
OK   цвет из пикера доехал до кривой
OK   сцена открывается пустой: ни одной кривой
OK   в списке ровно одна пустая строка
OK   начали печатать — строка стала кривой, снизу новая пустая
OK   вторая функция добавляется так же
OK   обе кривые нарисованы
OK   видна отрицательная часть плоскости
OK   у сцены есть «Аналитика» и она не пустая
OK   свои точки и площади остались
OK   буква из формулы даёт ползунок
OK   удаление строки убирает кривую
OK   в других сценах «Аналитика» вернулась
OK   правая панель называется «Аналитика»
OK   кнопки аналитики в полосе иконок нет
OK   ползунки открыты и не сворачиваются
OK   расчёты и разбор свёрнуты по умолчанию
OK   блок «Ключевые значения» раскрывается щелчком
OK   панели левая и правая одной ширины
OK   разбор уезжает из расчётов в «Объяснение модели»
OK   все карточки панели ввода закрыты
OK   первая видимая карточка выделена одна
OK   раскрытая карточка отличается фоном
OK   карточки блоков без номеров, ни один блок не раскрыт
OK   из сюжета возврат ведёт в его блок (Н5)
OK   открыт один блок за раз, есть возврат
OK   свободного холста нет ни в окне, ни в маршрутах
OK   свёртывание панели не запускает вечную перерисовку
OK   списка вершин с галочками больше нет
OK   у числовых полей калькулятора нет крутилок
OK   режим «Между точками» взводит набор вершин
OK   щелчок по графику ставит вершину
OK   вершина садится в особую точку и называет её
OK   надписи «Пока нет своих точек» нет
OK   на графике КТВ нет подписей вида «Xмакс=»
OK   «производство» спрятано и всплывает по наведению
OK   регулятор мировой цены собран в правой панели
OK   ползунок и точное поле мировой цены синхронны
OK   в подписях на графике нет звёздочки вместо индекса
OK   подпись перегиба не лежит на оси
OK   прямоугольник обрезки считается по шкалам сцены
OK   в рыночной сцене подпись равновесия тоже с индексом

Ошибки страницы:
CONSOLE: Failed to load resource: the server responded with a status of 503 (Service Unavailable)
CONSOLE: Failed to load resource: the server responded with a status of 400 (Bad Request)

Итог: 160/160 прошло, ошибок страницы: 2
